// Jest Snapshot v1, https://goo.gl/fbAQLP

exports[`locales/components/ChooseNewFallbackLocaleDialog should match snapshot 1`] = `
<ModalConfirm
  cancelLabel="Don’t delete"
  cancelTestId="choose-locale-cancel"
  confirmLabel="OK, delete German and update affected locales"
  confirmTestId="choose-locale-confirm"
  intent="positive"
  isConfirmDisabled={false}
  isConfirmLoading={false}
  isShown={true}
  onCancel={[Function]}
  onConfirm={[Function]}
  shouldCloseOnEscapePress={true}
  shouldCloseOnOverlayClick={true}
  size="large"
  testId="cf-ui-modal-confirm"
  title="You’re deleting a locale used as fallback"
>
  <p>
    <strong>
      German
    </strong>
     is used as fallback for
     
    <code>
      Polish, French
    </code>
    . After deleting it, the affected locales will fallback to:
  </p>
  <Select
    hasError={false}
    id="newFallbackLocale"
    isDisabled={false}
    name="newFallbackLocale"
    onBlur={[Function]}
    onChange={[Function]}
    onFocus={[Function]}
    required={false}
    testId="choose-fallback-locale-select"
    value=""
    width="full"
  >
    <Option
      value=""
    >
      None (no fallback)
    </Option>
    <Option
      key="ru"
      value="ru"
    >
      Russian
    </Option>
    <Option
      key="en"
      value="en"
    >
      English
    </Option>
  </Select>
</ModalConfirm>
`;
