// Jest Snapshot v1, https://goo.gl/fbAQLP

exports[`locales/components/LocaleRemovalConfirmDialog should match snapshot 1`] = `
<ModalConfirm
  cancelLabel="Don't delete"
  cancelTestId="delete-locale-cancel"
  confirmLabel="Delete"
  confirmTestId="delete-locale-confirm"
  intent="negative"
  isConfirmDisabled={true}
  isConfirmLoading={false}
  isShown={true}
  onCancel={[Function]}
  onConfirm={[Function]}
  shouldCloseOnEscapePress={true}
  shouldCloseOnOverlayClick={false}
  size="medium"
  testId="cf-ui-modal-confirm"
  title="You're about to delete the English (uk) locale"
>
  <p>
    This will break any API clients that rely on 
    <code>
      uk
    </code>
     existing.
  </p>
  <p>
    <strong>
      Please note that this action is permanent and you cannot undo it.
    </strong>
  </p>
  <p>
    Please type the locale code below to confirm this change:
  </p>
  <TextInput
    disabled={false}
    id="localeInput"
    name="localeInput"
    onChange={[Function]}
    required={false}
    testId="repeat-locale-input"
    value=""
    width="medium"
    withCopyButton={false}
  />
</ModalConfirm>
`;
