// Jest Snapshot v1, https://goo.gl/fbAQLP

exports[`NoLocalizedFieldsAdvice matches snapshot 1`] = `
.emotion-0 {
  margin-top: 2rem;
}

<div
  className="emotion-0"
>
  <Advice
    data-test-id="no-localized-fields-advice"
  >
    <Component>
      <translations-icon.svg />
    </Component>
    <Component>
      There are no fields to translate
    </Component>
    <Component>
      
  There are no localized fields to translate for German (Germany). You can
  switch to a different locale using "Translation" in your sidebar.

    </Component>
  </Advice>
</div>
`;
