// Jest Snapshot v1, https://goo.gl/fbAQLP

exports[`app/settings/locales/LocalesListPricingOne should match snapshot 1`] = `
<Workbench
  className="locale-list entity-list"
>
  <Workbench.Header>
    <Workbench.Icon
      icon="page-settings"
    />
    <Workbench.Title>
      Locales
      <span
        className="workbench-header__kb-link"
      >
        <KnowledgeBase
          target="locale"
        />
      </span>
    </Workbench.Title>
    <HeaderActions>
      <AddLocaleButton
        getComputeLocalesUsageForOrganization={[Function]}
      />
    </HeaderActions>
  </Workbench.Header>
  <Workbench.Content>
    <LocalesTable
      locales={Array []}
    />
    <LocalesAdvice
      canChangeSpace={true}
      canCreateMultipleLocales={true}
      getComputeLocalesUsageForOrganization={[Function]}
      insideMasterEnv={true}
      localeResource={
        Object {
          "limits": Object {
            "maximum": 5,
          },
          "usage": 0,
        }
      }
      locales={Array []}
      subscriptionPlanName="some subscription plan name"
      subscriptionState={Object {}}
    />
  </Workbench.Content>
</Workbench>
`;
