// Jest Snapshot v1, https://goo.gl/fbAQLP

exports[`app/settings/locales/LocalesListPricingTwo should match snapshot 1`] = `
<Workbench
  className="locale-list entity-list"
>
  <Workbench.Header>
    <Workbench.Icon
      icon="page-settings"
    />
    <Workbench.Title>
      Locales
      <span
        className="workbench-header__kb-link"
      >
        <KnowledgeBase
          target="locale"
        />
      </span>
    </Workbench.Title>
  </Workbench.Header>
  <Workbench.Content>
    <LocalesTable
      locales={Array []}
    />
  </Workbench.Content>
  <Workbench.Sidebar>
    <LocalesListSidebar
      canChangeSpace={true}
      insideMasterEnv={true}
      localeResource={
        Object {
          "limits": Object {
            "maximum": 5,
          },
          "usage": 0,
        }
      }
      subscriptionState={Object {}}
      upgradeSpace={[Function]}
    />
  </Workbench.Sidebar>
</Workbench>
`;
