// Jest Snapshot v1, https://goo.gl/fbAQLP

exports[`OrganizationUsageRouteNew should render page without errors 1`] = `
.emotion-0 {
  height: 100%;
}

.emotion-0 > div {
  height: 100%;
}

<Fragment>
  <DocumentTitle
    title="Usage"
  />
  <Workbench
    testId="organization.usage"
  >
    <WorkbenchHeader
      actions={
        <WorkbenchActions
          hasSpaces={true}
          isAssetBandwidthTab={false}
          isLoading={false}
          periods={
            Array [
              Object {},
            ]
          }
          setPeriodIndex={[Function]}
        />
      }
      icon={
        <NavigationIcon
          color="green"
          icon="usage"
          size="large"
        />
      }
      testId="cf-ui-workbench-header"
      title="Usage"
    />
    <WorkbenchContent
      className="emotion-0"
      testId="cf-ui-workbench-content"
      type="default"
    >
      <WorkbenchContent
        apiRequestIncludedLimit={1000000}
        error={null}
        hasSpaces={true}
        isLoading={false}
        isPoC={
          Object {
            "space1": false,
            "space2": false,
          }
        }
        onTabSelect={[Function]}
        periods={
          Array [
            Object {},
          ]
        }
        spaceNames={
          Object {
            "test1": "Test1",
            "test2": "Test2",
          }
        }
      />
    </WorkbenchContent>
  </Workbench>
</Fragment>
`;
