// Jest Snapshot v1, https://goo.gl/fbAQLP

exports[`AppsRepo getAppWidgets should return an object of apps when the endpoint returns good data 1`] = `
Array [
  Object {
    "extensionDefinitionId": "1VchawWvbIClHuMIyxwR5m",
    "icon": "//images.ctfassets.net/lpjm8d10rkpy/2dYQ3x6VMNZJgDXYmMzLBx/b338ad4b50cd0ff31e7157671b801b4d/logomark.svg",
    "id": "netlify",
  },
  Object {
    "extensionDefinitionId": "i43PggcHag2PCrGjYTiIX",
    "icon": "//images.ctfassets.net/lpjm8d10rkpy/4X7O4Q0pIgQZNcONoQrQlp/9262ad9a935fa92e9cacd9207ae0a401/optimizely-logo.svg",
    "id": "optimizely",
  },
  Object {
    "extensionDefinitionId": "zjcnWgBknf9zB7IM9HZjE",
    "icon": "//images.ctfassets.net/lpjm8d10rkpy/3ZH89y9VHHd53v4OQ3BG0V/cc62043a88cd5fb80719687f299e7351/cloudinary_icon_for_white_bg.svg",
    "id": "cloudinary",
  },
  Object {
    "extensionDefinitionId": "5KySdUzG7OWuCE2V3fgtIa",
    "icon": "//images.ctfassets.net/lpjm8d10rkpy/3vNJZRjthatucy2mBJMy1u/0e5d501207427780021e7580cc384761/bynder.5e9e457b9d.svg",
    "id": "bynder",
  },
  Object {
    "extensionDefinitionId": "342Q2DqCjmsdN5BJCEPkrJ",
    "icon": "//images.ctfassets.net/lpjm8d10rkpy/7v1wryVbq6dooI1OqbkIpg/32e947099d5253c56fa344fc7aadfbff/app-logo.svg",
    "id": "image-focal-point",
  },
]
`;

exports[`AppsRepo getMarketplaceApps should return an object of apps when the endpoint returns good data 1`] = `
Array [
  Object {
    "actionList": Array [
      Object {
        "info": "Build widget will be removed from sidebars of all content types",
        "negative": true,
      },
      Object {
        "info": "This will not modify your Netlify sites. You may want to remove unneeded deploy notifications and build hooks from your Netlify site.",
        "negative": false,
      },
    ],
    "author": Object {
      "icon": "//images.ctfassets.net/lpjm8d10rkpy/4DxiiBjixHZVjc69WpJX95/4708b0bdc8e713faf69a667f8266d190/472182",
      "name": "Contentful",
      "url": "https://www.contentful.com",
    },
    "categories": Array [
      "Featured",
      "Website Hosting",
    ],
    "description": "### About the app

The Netlify App gives content editors control over static site builds and makes the process more transparent.

---

### This app provides the following functionality:

- triggers Netlify builds with a simple click in the sidebar
- displays build status so editors don't preview outdated sites
- brings Netlify functionality into the Contentful web app
- makes it possible to configure on a per-content-type level

---

### To use this app, you need:

- a static site based on a service such as Gatsby, Middleman or Hugo
- your site configured to load content from Contentful and its code pushed to a remote repository, such as GitHub or Gitlab
- a Netlify setup where the site is connected to the remote repository and enabled for continuous deployment

---

### Screenshots

![Netlify config](//images.ctfassets.net/lpjm8d10rkpy/4Rf8yoGPw4AQwdMboiVwhF/a0a9a8b8e73a5ace1fdf78adebc24a49/apps-netlify-site-setup.b4a24a69c0.png)

![Netlify sidebar](//images.ctfassets.net/lpjm8d10rkpy/RrSqXTcdlpfkPt7sJzkEb/57172d0fd3eaa36a5ab90e7d183ed171/apps-netlify-sidebar.0ffd73e12b.png) ",
    "extensionDefinition": Object {
      "locations": Array [
        "app",
        "entry-sidebar",
      ],
      "name": "Netlify",
      "src": "http://localhost:1234",
      "sys": Object {
        "id": "1VchawWvbIClHuMIyxwR5m",
        "type": "ExtensionDefinition",
      },
    },
    "extensionDefinitionId": "1VchawWvbIClHuMIyxwR5m",
    "flagId": "basic_apps",
    "icon": "//images.ctfassets.net/lpjm8d10rkpy/2dYQ3x6VMNZJgDXYmMzLBx/b338ad4b50cd0ff31e7157671b801b4d/logomark.svg",
    "id": "netlify",
    "installed": true,
    "links": Array [
      Object {
        "title": "Netlify Docs",
        "url": "https://www.netlify.com/docs/",
      },
      Object {
        "title": "Documentation for the Netlify app",
        "url": "https://www.contentful.com/developers/docs/extensibility/apps/netlify/",
      },
    ],
    "permissions": "__Netlify app__ is asking for permissions to access this Contentful environment.

The app will be able to manage this environment and any content in it.

You can revoke access at any time by uninstalling the app.",
    "permissionsExplanation": undefined,
    "tagLine": "Easily build and preview Netlify sites directly from Contentful ",
    "title": "Netlify",
  },
]
`;
