// Jest Snapshot v1, https://goo.gl/fbAQLP

exports[`OrganizationUsage should render page without errors 1`] = `
<Workbench
  testId="organization.usage"
>
  <WorkbenchHeader
    actions={
      <WorkbenchActions
        committed={true}
        error={null}
        hasSpaces={true}
        isLoading={true}
        periods={
          Array [
            Object {
              "endDate": null,
              "startDate": "2018-12-23",
              "sys": Object {
                "id": "0",
                "type": "UsagePeriod",
              },
            },
            Object {
              "endDate": "2018-12-22",
              "startDate": "2018-11-22",
              "sys": Object {
                "id": "1",
                "type": "UsagePeriod",
              },
            },
          ]
        }
        setPeriodIndex={[Function]}
      />
    }
    icon={
      <Icon
        name="page-usage"
        scale="0.75"
      />
    }
    testId="cf-ui-workbench-header"
    title="Usage"
  />
  <WorkbenchContent
    testId="cf-ui-workbench-content"
    type="default"
  >
    <WorkbenchContent
      apiRequestIncludedLimit={1000000}
      committed={true}
      error={null}
      hasSpaces={true}
      isLoading={true}
      isPoC={
        Object {
          "space1": false,
          "space2": false,
        }
      }
      periods={
        Array [
          Object {
            "endDate": null,
            "startDate": "2018-12-23",
            "sys": Object {
              "id": "0",
              "type": "UsagePeriod",
            },
          },
          Object {
            "endDate": "2018-12-22",
            "startDate": "2018-11-22",
            "sys": Object {
              "id": "1",
              "type": "UsagePeriod",
            },
          },
        ]
      }
      spaceNames={
        Object {
          "test1": "Test1",
          "test2": "Test2",
        }
      }
    />
  </WorkbenchContent>
</Workbench>
`;

exports[`WorkbenchActions should render 1`] = `""`;

exports[`WorkbenchContent should render 1`] = `
<OrganizationUsagePage
  apiRequestIncludedLimit={1000}
  isLoading={false}
  isPoC={
    Object {
      "space1": false,
      "space2": true,
    }
  }
  periodicUsage={Object {}}
  spaceNames={
    Object {
      "space1": "Space1",
      "space2": "Space2",
    }
  }
/>
`;
