// Jest Snapshot v1, https://goo.gl/fbAQLP

exports[`WorkbenchContent should render 1`] = `
<OrganizationUsagePageNew
  apiRequestIncludedLimit={1000}
  isLoading={false}
  isPoC={
    Object {
      "space1": false,
      "space2": true,
    }
  }
  periodicUsage={
    Object {
      "apis": Object {
        "cma": Object {
          "items": Array [],
        },
      },
      "org": Object {
        "usage": Array [],
      },
    }
  }
  spaceNames={
    Object {
      "space1": "Space1",
      "space2": "Space2",
    }
  }
/>
`;
