// Jest Snapshot v1, https://goo.gl/fbAQLP

exports[`SpaceRoleEditor renders the component 1`] = `
.emotion-0 {
  width: 100%;
  border: 1px solid #e5ebed;
}

.emotion-0> span {
  display: -webkit-box;
  display: -webkit-flex;
  display: -ms-flexbox;
  display: flex;
  -webkit-box-pack: justify;
  -webkit-justify-content: space-between;
  -ms-flex-pack: justify;
  justify-content: space-between;
}

<div>
  <div
    class="Dropdown__Dropdown___nAsJ-"
    data-test-id="cf-ui-dropdown"
  >
    <button
      aria-expanded="false"
      aria-haspopup="menu"
      class="Button__Button___1ZfFj a11y__focus-border--default___60AXp emotion-0 Button__Button--naked___mB6LS"
      data-test-id="space-role-editor.button"
      type="button"
    >
      <span
        class="TabFocusTrap__TabFocusTrap___39Vty Button__Button__inner-wrapper___3qrNC"
        tabindex="-1"
      >
        <span
          class="Button__Button__label___3tcOj"
        >
          Select a space role
        </span>
        <svg
          class="Icon__Icon___38Epv Icon__Icon--small___1yGZK Icon__Icon--secondary___1ztcw"
          data-test-id="cf-ui-icon"
          height="24"
          viewBox="0 0 24 24"
          width="24"
          xmlns="http://www.w3.org/2000/svg"
        >
          <path
            d="M7 10l5 5 5-5z"
          />
          <path
            d="M0 0h24v24H0z"
            fill="none"
          />
        </svg>
      </span>
    </button>
  </div>
</div>
`;

exports[`SpaceRoleEditor shows a list of options 1`] = `
.emotion-0 {
  width: 100%;
  border: 1px solid #e5ebed;
}

.emotion-0> span {
  display: -webkit-box;
  display: -webkit-flex;
  display: -ms-flexbox;
  display: flex;
  -webkit-box-pack: justify;
  -webkit-justify-content: space-between;
  -ms-flex-pack: justify;
  justify-content: space-between;
}

<div>
  <div
    class="Dropdown__Dropdown___nAsJ-"
    data-test-id="cf-ui-dropdown"
  >
    <button
      aria-expanded="false"
      aria-haspopup="menu"
      class="Button__Button___1ZfFj a11y__focus-border--default___60AXp emotion-0 Button__Button--naked___mB6LS"
      data-test-id="space-role-editor.button"
      type="button"
    >
      <span
        class="TabFocusTrap__TabFocusTrap___39Vty Button__Button__inner-wrapper___3qrNC"
        tabindex="-1"
      >
        <span
          class="Button__Button__label___3tcOj"
        >
          Select a space role
        </span>
        <svg
          class="Icon__Icon___38Epv Icon__Icon--small___1yGZK Icon__Icon--secondary___1ztcw"
          data-test-id="cf-ui-icon"
          height="24"
          viewBox="0 0 24 24"
          width="24"
          xmlns="http://www.w3.org/2000/svg"
        >
          <path
            d="M7 10l5 5 5-5z"
          />
          <path
            d="M0 0h24v24H0z"
            fill="none"
          />
        </svg>
      </span>
    </button>
  </div>
</div>
`;
