// Jest Snapshot v1, https://goo.gl/fbAQLP

exports[`SpaceTrialWidget renders correctly when the space is on trial 1`] = `
.emotion-4 {
  display: -webkit-box;
  display: -webkit-flex;
  display: -ms-flexbox;
  display: flex;
  -webkit-flex-wrap: nowrap;
  -ms-flex-wrap: nowrap;
  flex-wrap: nowrap;
  -webkit-box-pack: justify;
  -webkit-justify-content: space-between;
  -ms-flex-pack: justify;
  justify-content: space-between;
}

.emotion-3 {
  margin-bottom: 1rem;
  color: #536171;
}

.emotion-0 {
  list-style-type: disc;
  margin-left: 1.5rem;
}

<div>
  <div
    class="Card__Card___1_26G emotion-4 Card__Card--padding-large___2KzUK"
    data-test-id="space-trial-widget"
  >
    <div
      class="Typography__Typography___1ZUfE"
      data-test-id="cf-ui-text-container"
    >
      <h1
        class="Heading__Heading___83D3K f36-margin-bottom--m"
        data-test-id="cf-ui-heading"
      >
        Whatʼs a trial space?
      </h1>
      <ul
        class="List__List___1YcFy emotion-3"
        data-test-id="cf-ui-list"
      >
        <li
          class="ListItem__ListItem___3S9Oc emotion-0"
          data-test-id="cf-ui-list-item"
        >
          A Trial Space is a sandbox to try out new projects, free of charge
        </li>
        <li
          class="ListItem__ListItem___3S9Oc emotion-0"
          data-test-id="cf-ui-list-item"
        >
          You can access it for a limited time
        </li>
        <li
          class="ListItem__ListItem___3S9Oc emotion-0"
          data-test-id="cf-ui-list-item"
        >
          Trial spaces are intended for non-production development and testing purposes only
        </li>
      </ul>
      <h2
        class="Subheading__Subheading___2mA9j f36-margin-bottom--m"
        data-test-id="cf-ui-subheading"
      >
        What happens at the end of my trial?
      </h2>
      <p
        class="Paragraph__Paragraph___2aO-9 f36-margin-bottom--m"
        data-test-id="cf-ui-paragraph"
      >
        If you choose not to buy a subscription plan, your space will become 
        <b>
          read-only
        </b>
        . Want to bring your space back to life? Simply buy a subscription plan and you'll be back to editing content in no time
      </p>
      <p
        class="Paragraph__Paragraph___2aO-9 f36-margin-bottom--m"
        data-test-id="cf-ui-paragraph"
      >
        Got questions?
         
        <button
          class="TextLink__TextLink___1biUr a11y__focus-outline--default___2hwb1 TextLink__TextLink--primary___2Vc9F"
          data-test-id="cf-contact-us-button"
          type="button"
        >
          <span
            class="TabFocusTrap__TabFocusTrap___39Vty"
            tabindex="-1"
          >
            Get in touch
          </span>
        </button>
         
        or check our 
        <a
          class="TextLink__TextLink___1biUr a11y__focus-outline--default___2hwb1 TextLink__TextLink--primary___2Vc9F"
          data-test-id="fair_use_policy_link"
          href="https://www.contentful.com/r/knowledgebase/fair-use/#trial-space-limited-use-case"
          rel="noopener noreferrer"
          target="_blank"
        >
          <span
            class="TabFocusTrap__TabFocusTrap___39Vty"
            tabindex="-1"
          >
            fair use policy
          </span>
        </a>
      </p>
    </div>
    <div>
      <space-trial-illustration.svg
        classname="css-neijhx-svgContainerExtension"
      />
    </div>
  </div>
</div>
`;
