// Jest Snapshot v1, https://goo.gl/fbAQLP

exports[`PeriodSelector should render 1`] = `
<div>
  <div
    class="usage__period-selector"
  >
    <label>
      Usage period
    </label>
    <div
      class="Select__Select__wrapper___2mbYV Select__Select--auto___3Y-B9"
    >
      <select
        aria-label="period-selector"
        class="Select__Select___2Gi9N a11y__focus-border--default___60AXp"
        data-test-id="period-selector"
        id="period-selector"
        name="period-selector"
      >
        <option
          data-test-id="cf-ui-select-option"
          value="0"
        >
          06 Jan – 05 Feb (current)
        </option>
        <option
          data-test-id="cf-ui-select-option"
          value="1"
        >
          05 Dec – 05 Jan (a month ago)
        </option>
      </select>
      <svg
        class="Icon__Icon___38Epv Icon__Icon--small___1yGZK Icon__Icon--muted___3egnD Select__Select__icon___OBmvS"
        data-test-id="cf-ui-icon"
        height="1em"
        viewBox="0 0 24 24"
        width="1em"
      >
        <path
          d="M5.29289 8.29289C5.68342 7.90237 6.31658 7.90237 6.70711 8.29289L12 13.5858L17.2929 8.29289C17.6834 7.90237 18.3166 7.90237 18.7071 8.29289C19.0976 8.68342 19.0976 9.31658 18.7071 9.70711L12.7071 15.7071C12.3166 16.0976 11.6834 16.0976 11.2929 15.7071L5.29289 9.70711C4.90237 9.31658 4.90237 8.68342 5.29289 8.29289Z"
        />
      </svg>
    </div>
  </div>
</div>
`;
