// Jest Snapshot v1, https://goo.gl/fbAQLP

exports[`EntrySidebar/UsersWidget it should render Collaborators component if users list is not empty 1`] = `
.emotion-0 {
  margin-bottom: 1rem;
}

<EntrySidebarWidget
  className="emotion-0"
  testId="cf-entity-sidebar"
  title="Users"
>
  <Collaborators
    shape="circle"
    users={
      Array [
        Object {
          "sys": Object {
            "id": "1",
          },
        },
        Object {
          "sys": Object {
            "id": "2",
          },
        },
      ]
    }
  />
</EntrySidebarWidget>
`;

exports[`EntrySidebar/UsersWidget it should show "No other users online" if users list is empty 1`] = `
.emotion-1 {
  font-size: 0.75rem;
  display: -webkit-box;
  display: -webkit-flex;
  display: -ms-flexbox;
  display: flex;
  -webkit-box-pack: justify;
  -webkit-justify-content: space-between;
  -ms-flex-pack: justify;
  justify-content: space-between;
  border-bottom: 1px solid #c3cfd5;
  margin-bottom: 1.5rem;
  margin-top: 1.5rem;
  -webkit-align-items: center;
  -webkit-box-align: center;
  -ms-flex-align: center;
  align-items: center;
}

.emotion-0 {
  font-size: 0.75rem;
  font-weight: 500;
  text-transform: uppercase;
  color: #8091a5;
  border-bottom: 0;
  margin: 0;
  line-height: 2;
  -webkit-letter-spacing: 1px;
  -moz-letter-spacing: 1px;
  -ms-letter-spacing: 1px;
  letter-spacing: 1px;
}

.emotion-3 {
  margin-bottom: 1rem;
}

.emotion-2 {
  color: #8091a5;
}

<UsersWidget
  users={Array []}
>
  <EntrySidebarWidget
    className="emotion-3"
    testId="cf-entity-sidebar"
    title="Users"
  >
    <div
      className="emotion-3"
      data-test-id="cf-entity-sidebar"
    >
      <header
        className="emotion-1 entity-sidebar__header"
      >
        <h2
          className="emotion-0 entity-sidebar__heading"
        >
          Users
        </h2>
      </header>
      <div
        className="emotion-2"
      >
        No other users online
      </div>
    </div>
  </EntrySidebarWidget>
</UsersWidget>
`;
